------------------------------------------------------------------------------------------------------------------------

[2026-05-06 10:29:48 #1 store] 
Database 'C:\Users\rafae\eclipse-workspace\Iteracion3.2\src\main\resources\products.temp' has been recovered (tr. 22-22)

[2026-05-06 10:29:48 #2 store] 
Database 'C:\Users\rafae\eclipse-workspace\Iteracion3.2\src\main\resources\products.temp' is opened by 7368@Rafituki

[2026-05-06 10:29:48 #3 type] 
Type domain.User is not enhanced.

[2026-05-06 10:29:48 #4 type] 
Type domain.Seller is not enhanced.

[2026-05-06 10:29:48 #5 type] 
Type domain.Sale is not enhanced.

[2026-05-06 10:29:48 #6 type] 
Type domain.Review is not enhanced.

[2026-05-06 10:29:48 #7 type] 
Type domain.Offer is not enhanced.

------------------------------------------------------------------------------------------------------------------------

[2026-05-06 10:34:34 #1 store] 
Database 'C:\Users\rafae\eclipse-workspace\Iteracion3.2\src\main\resources\products.temp' has been recovered (tr. 23-23)

[2026-05-06 10:34:34 #2 store] 
Database 'C:\Users\rafae\eclipse-workspace\Iteracion3.2\src\main\resources\products.temp' is opened by 8904@Rafituki

[2026-05-06 10:34:34 #3 type] 
Type domain.User is not enhanced.

[2026-05-06 10:34:34 #4 type] 
Type domain.Seller is not enhanced.

[2026-05-06 10:34:34 #5 type] 
Type domain.Sale is not enhanced.

[2026-05-06 10:34:34 #6 type] 
Type domain.Review is not enhanced.

[2026-05-06 10:34:34 #7 type] 
Type domain.Offer is not enhanced.

------------------------------------------------------------------------------------------------------------------------

[2026-05-06 10:36:32 #1 store] 
Database 'C:\Users\rafae\eclipse-workspace\Iteracion3.2\src\main\resources\products.temp' is opened by 4140@Rafituki

------------------------------------------------------------------------------------------------------------------------

[2026-05-06 10:36:38 #1 store] 
Database 'C:\Users\rafae\eclipse-workspace\Iteracion3.2\src\main\resources\products.temp' has been recovered (tr. 1-2)

[2026-05-06 10:36:38 #2 store] 
Database 'C:\Users\rafae\eclipse-workspace\Iteracion3.2\src\main\resources\products.temp' is opened by 20900@Rafituki

------------------------------------------------------------------------------------------------------------------------

[2026-05-06 10:36:41 #1 store] 
Database 'C:\Users\rafae\eclipse-workspace\Iteracion3.2\src\main\resources\products.temp' is opened by 21732@Rafituki

[2026-05-06 10:37:15 #2 type.registry] 
New type domain.User

[2026-05-06 10:37:15 #3 type] 
Type domain.User is not enhanced.

[2026-05-06 10:37:15 #4 type.registry] 
New type domain.Sale

[2026-05-06 10:37:15 #5 type] 
Type domain.Sale is not enhanced.

[2026-05-06 10:37:15 #6 type.registry] 
New type domain.Offer

[2026-05-06 10:37:15 #7 type.registry] 
New type domain.Seller

[2026-05-06 10:37:15 #8 type] 
Type domain.Offer is not enhanced.

[2026-05-06 10:37:15 #9 type] 
Type domain.Seller is not enhanced.

[2026-05-06 10:37:15 #10 type.registry] 
New type domain.Review

[2026-05-06 10:37:15 #11 type] 
Type domain.Review is not enhanced.

[2026-05-06 10:37:15 #12 type.registry] 
New type java.util.ArrayList<java.lang.Object>

[2026-05-06 10:37:15 #13 type.registry] 
New type java.util.ArrayList<domain.Sale>

[2026-05-06 10:37:15 #14 type.registry] 
New type java.util.ArrayList<domain.Review>

[2026-05-06 10:39:17 #15 type.registry] 
New type java.util.ArrayList<domain.Offer>

------------------------------------------------------------------------------------------------------------------------

[2026-05-06 10:41:33 #1 store] 
Database 'C:\Users\rafae\eclipse-workspace\Iteracion3.2\src\main\resources\products.temp' has been recovered (tr. 3-16)

[2026-05-06 10:41:33 #2 store] 
Database 'C:\Users\rafae\eclipse-workspace\Iteracion3.2\src\main\resources\products.temp' is opened by 17344@Rafituki

[2026-05-06 10:41:33 #3 type] 
Type domain.User is not enhanced.

[2026-05-06 10:41:33 #4 type] 
Type domain.Sale is not enhanced.

[2026-05-06 10:41:33 #5 type] 
Type domain.Offer is not enhanced.

[2026-05-06 10:41:33 #6 type] 
Type domain.Seller is not enhanced.

[2026-05-06 10:41:33 #7 type] 
Type domain.Review is not enhanced.

------------------------------------------------------------------------------------------------------------------------

[2026-05-06 10:42:51 #1 store] 
Database 'C:\Users\rafae\eclipse-workspace\Iteracion3.2\src\main\resources\products.temp' has been recovered (tr. 17-19)

[2026-05-06 10:42:51 #2 store] 
Database 'C:\Users\rafae\eclipse-workspace\Iteracion3.2\src\main\resources\products.temp' is opened by 20416@Rafituki

[2026-05-06 10:42:51 #3 type] 
Type domain.User is not enhanced.

[2026-05-06 10:42:51 #4 type] 
Type domain.Sale is not enhanced.

[2026-05-06 10:42:51 #5 type] 
Type domain.Offer is not enhanced.

[2026-05-06 10:42:51 #6 type] 
Type domain.Seller is not enhanced.

[2026-05-06 10:42:51 #7 type] 
Type domain.Review is not enhanced.

------------------------------------------------------------------------------------------------------------------------

[2026-05-06 10:46:00 #1 store] 
Database 'C:\Users\rafae\eclipse-workspace\Iteracion3.2\src\main\resources\products.temp' has been recovered (tr. 20-26)

[2026-05-06 10:46:00 #2 store] 
Database 'C:\Users\rafae\eclipse-workspace\Iteracion3.2\src\main\resources\products.temp' is opened by 15376@Rafituki

[2026-05-06 10:46:00 #3 type] 
Type domain.User is not enhanced.

[2026-05-06 10:46:00 #4 type] 
Type domain.Sale is not enhanced.

[2026-05-06 10:46:00 #5 type] 
Type domain.Offer is not enhanced.

[2026-05-06 10:46:01 #6 type] 
Type domain.Seller is not enhanced.

[2026-05-06 10:46:01 #7 type] 
Type domain.Review is not enhanced.

------------------------------------------------------------------------------------------------------------------------

[2026-05-06 10:47:09 #1 store] 
Database 'C:\Users\rafae\eclipse-workspace\Iteracion3.2\src\main\resources\products.temp' has been recovered (tr. 27-33)

[2026-05-06 10:47:09 #2 store] 
Database 'C:\Users\rafae\eclipse-workspace\Iteracion3.2\src\main\resources\products.temp' is opened by 17060@Rafituki

[2026-05-06 10:47:09 #3 type] 
Type domain.User is not enhanced.

[2026-05-06 10:47:09 #4 type] 
Type domain.Sale is not enhanced.

[2026-05-06 10:47:09 #5 type] 
Type domain.Offer is not enhanced.

[2026-05-06 10:47:09 #6 type] 
Type domain.Seller is not enhanced.

[2026-05-06 10:47:09 #7 type] 
Type domain.Review is not enhanced.

