------------------------------------------------------------------------------------------------------------------------

[2026-04-23 11:55:25 #1 store] 
Database 'C:\Users\gorka\eclipse-workspace\Iteracion2LimpioParaGItHub\src\main\resources\products.temp' is opened by 8248@PCGOrka

[2026-04-23 11:55:25 #2 type] 
Type domain.User is not enhanced.

[2026-04-23 11:55:25 #3 type] 
Type domain.Seller is not enhanced.

[2026-04-23 11:55:25 #4 type] 
Type domain.Sale is not enhanced.

[2026-04-23 11:55:25 #5 type] 
Type domain.Offer is not enhanced.

------------------------------------------------------------------------------------------------------------------------

[2026-04-23 13:17:27 #1 store] 
Database 'C:\Users\gorka\eclipse-workspace\Iteracion2LimpioParaGItHub\src\main\resources\products.temp' has been recovered (tr. 34-35)

[2026-04-23 13:17:27 #2 store] 
Database 'C:\Users\gorka\eclipse-workspace\Iteracion2LimpioParaGItHub\src\main\resources\products.temp' is opened by 16092@PCGOrka

[2026-04-23 13:17:27 #3 type] 
Type domain.User is not enhanced.

[2026-04-23 13:17:27 #4 type] 
Type domain.Seller is not enhanced.

[2026-04-23 13:17:27 #5 type] 
Type domain.Sale is not enhanced.

[2026-04-23 13:17:27 #6 type] 
Type domain.Offer is not enhanced.

------------------------------------------------------------------------------------------------------------------------

[2026-04-23 20:02:11 #1 store] 
Database 'C:\Users\gorka\eclipse-workspace\Iteracion2LimpioParaGItHub\src\main\resources\products.temp' is opened by 21956@PCGOrka

[2026-04-23 20:02:11 #2 type] 
Type domain.User is not enhanced.

[2026-04-23 20:02:11 #3 type] 
Type domain.Seller is not enhanced.

[2026-04-23 20:02:11 #4 type] 
Type domain.Sale is not enhanced.

[2026-04-23 20:02:11 #5 type] 
Type domain.Offer is not enhanced.

------------------------------------------------------------------------------------------------------------------------

[2026-04-23 20:02:26 #1 store] 
Database 'C:\Users\gorka\eclipse-workspace\Iteracion2LimpioParaGItHub\src\main\resources\products.temp' is opened by 8132@PCGOrka

[2026-04-23 20:02:26 #2 type] 
Type domain.User is not enhanced.

[2026-04-23 20:02:26 #3 type] 
Type domain.Seller is not enhanced.

[2026-04-23 20:02:26 #4 type] 
Type domain.Sale is not enhanced.

[2026-04-23 20:02:26 #5 type] 
Type domain.Offer is not enhanced.

