------------------------------------------------------------------------------------------------------------------------

[2026-04-30 17:18:18 #1 store] 
Database 'C:\Users\rafae\Downloads\Iteracion2ComentadoAntidoping\src\main\resources\products.temp' is opened by 9048@Rafituki

[2026-04-30 17:18:18 #2 type] 
Type domain.User is not enhanced.

[2026-04-30 17:18:18 #3 type] 
Type domain.Seller is not enhanced.

[2026-04-30 17:18:18 #4 type] 
Type domain.Sale is not enhanced.

[2026-04-30 17:18:18 #5 type] 
Type domain.Offer is not enhanced.

------------------------------------------------------------------------------------------------------------------------

[2026-04-30 17:30:27 #1 store] 
Database 'C:\Users\rafae\eclipse-workspace\Iteracion3\src\main\resources\products.temp' is opened by 12820@Rafituki

[2026-04-30 17:30:27 #2 type] 
Type domain.User is not enhanced.

[2026-04-30 17:30:27 #3 type] 
Type domain.Seller is not enhanced.

[2026-04-30 17:30:27 #4 type] 
Type domain.Sale is not enhanced.

[2026-04-30 17:30:27 #5 type] 
Type domain.Offer is not enhanced.

------------------------------------------------------------------------------------------------------------------------

[2026-04-30 17:30:54 #1 store] 
Database 'C:\Users\rafae\eclipse-workspace\Iteracion3\src\main\resources\products.temp' is opened by 12312@Rafituki

[2026-04-30 17:30:54 #2 type.registry] 
New type domain.User

[2026-04-30 17:30:54 #3 type.registry] 
New type domain.Seller

[2026-04-30 17:30:54 #4 type] 
Type domain.User is not enhanced.

[2026-04-30 17:30:54 #5 type] 
Type domain.Seller is not enhanced.

[2026-04-30 17:30:54 #6 type.registry] 
New type domain.Sale

[2026-04-30 17:30:54 #7 type] 
Type domain.Sale is not enhanced.

[2026-04-30 17:30:54 #8 type.registry] 
New type domain.Offer

[2026-04-30 17:30:54 #9 type] 
Type domain.Offer is not enhanced.

[2026-04-30 17:30:54 #10 type.registry] 
New type java.util.ArrayList<java.lang.Object>

[2026-04-30 17:30:54 #11 type.registry] 
New type java.util.ArrayList<domain.Sale>

------------------------------------------------------------------------------------------------------------------------

[2026-04-30 17:31:02 #1 store] 
Database 'C:\Users\rafae\eclipse-workspace\Iteracion3\src\main\resources\products.temp' has been recovered (tr. 1-6)

[2026-04-30 17:31:02 #2 store] 
Database 'C:\Users\rafae\eclipse-workspace\Iteracion3\src\main\resources\products.temp' is opened by 6124@Rafituki

[2026-04-30 17:31:03 #3 type] 
Type domain.User is not enhanced.

[2026-04-30 17:31:03 #4 type] 
Type domain.Seller is not enhanced.

[2026-04-30 17:31:03 #5 type] 
Type domain.Sale is not enhanced.

[2026-04-30 17:31:03 #6 type] 
Type domain.Offer is not enhanced.

[2026-04-30 17:31:24 #7 type.registry] 
New type java.util.ArrayList<domain.Offer>

------------------------------------------------------------------------------------------------------------------------

[2026-04-30 17:31:31 #1 store] 
Database 'C:\Users\rafae\eclipse-workspace\Iteracion3\src\main\resources\products.temp' has been recovered (tr. 7-10)

[2026-04-30 17:31:31 #2 store] 
Database 'C:\Users\rafae\eclipse-workspace\Iteracion3\src\main\resources\products.temp' is opened by 3888@Rafituki

[2026-04-30 17:31:31 #3 type] 
Type domain.User is not enhanced.

[2026-04-30 17:31:31 #4 type] 
Type domain.Seller is not enhanced.

[2026-04-30 17:31:31 #5 type] 
Type domain.Sale is not enhanced.

[2026-04-30 17:31:31 #6 type] 
Type domain.Offer is not enhanced.

------------------------------------------------------------------------------------------------------------------------

[2026-04-30 17:31:49 #1 store] 
Database 'C:\Users\rafae\eclipse-workspace\Iteracion3\src\main\resources\products.temp' has been recovered (tr. 11-12)

[2026-04-30 17:31:49 #2 store] 
Database 'C:\Users\rafae\eclipse-workspace\Iteracion3\src\main\resources\products.temp' is opened by 11784@Rafituki

[2026-04-30 17:31:49 #3 type] 
Type domain.User is not enhanced.

[2026-04-30 17:31:49 #4 type] 
Type domain.Seller is not enhanced.

[2026-04-30 17:31:49 #5 type] 
Type domain.Sale is not enhanced.

[2026-04-30 17:31:49 #6 type] 
Type domain.Offer is not enhanced.

------------------------------------------------------------------------------------------------------------------------

[2026-04-30 17:32:06 #1 store] 
Database 'C:\Users\rafae\eclipse-workspace\Iteracion3\src\main\resources\products.temp' has been recovered (tr. 13-13)

[2026-04-30 17:32:06 #2 store] 
Database 'C:\Users\rafae\eclipse-workspace\Iteracion3\src\main\resources\products.temp' is opened by 1388@Rafituki

[2026-04-30 17:32:06 #3 type] 
Type domain.User is not enhanced.

[2026-04-30 17:32:06 #4 type] 
Type domain.Seller is not enhanced.

[2026-04-30 17:32:06 #5 type] 
Type domain.Sale is not enhanced.

[2026-04-30 17:32:06 #6 type] 
Type domain.Offer is not enhanced.

------------------------------------------------------------------------------------------------------------------------

[2026-04-30 17:32:47 #1 store] 
Database 'C:\Users\rafae\eclipse-workspace\Iteracion3\src\main\resources\products.temp' has been recovered (tr. 14-14)

[2026-04-30 17:32:47 #2 store] 
Database 'C:\Users\rafae\eclipse-workspace\Iteracion3\src\main\resources\products.temp' is opened by 3148@Rafituki

[2026-04-30 17:32:47 #3 type] 
Type domain.User is not enhanced.

[2026-04-30 17:32:47 #4 type] 
Type domain.Seller is not enhanced.

[2026-04-30 17:32:47 #5 type] 
Type domain.Sale is not enhanced.

[2026-04-30 17:32:47 #6 type] 
Type domain.Offer is not enhanced.

------------------------------------------------------------------------------------------------------------------------

[2026-04-30 17:36:46 #1 store] 
Database 'C:\Users\rafae\eclipse-workspace\Iteracion3\src\main\resources\products.temp' is opened by 11428@Rafituki

[2026-04-30 17:36:46 #2 type] 
Type domain.User is not enhanced.

[2026-04-30 17:36:46 #3 type] 
Type domain.Seller is not enhanced.

[2026-04-30 17:36:46 #4 type.registry] 
New type domain.Review

[2026-04-30 17:36:46 #5 type] 
Type domain.Sale is not enhanced.

[2026-04-30 17:36:46 #6 type] 
Type domain.Offer is not enhanced.

[2026-04-30 17:36:46 #7 type] 
Type domain.Review is not enhanced.

[2026-04-30 17:36:48 #8 type.registry] 
New type java.util.ArrayList<domain.Review>

------------------------------------------------------------------------------------------------------------------------

[2026-04-30 17:36:57 #1 store] 
Database 'C:\Users\rafae\eclipse-workspace\Iteracion3\src\main\resources\products.temp' has been recovered (tr. 15-16)

[2026-04-30 17:36:57 #2 store] 
Database 'C:\Users\rafae\eclipse-workspace\Iteracion3\src\main\resources\products.temp' is opened by 12096@Rafituki

[2026-04-30 17:36:57 #3 type] 
Type domain.User is not enhanced.

[2026-04-30 17:36:57 #4 type] 
Type domain.Seller is not enhanced.

[2026-04-30 17:36:57 #5 type] 
Type domain.Sale is not enhanced.

[2026-04-30 17:36:57 #6 type] 
Type domain.Offer is not enhanced.

[2026-04-30 17:36:57 #7 type] 
Type domain.Review is not enhanced.

------------------------------------------------------------------------------------------------------------------------

[2026-04-30 17:37:39 #1 store] 
Database 'C:\Users\rafae\eclipse-workspace\Iteracion3\src\main\resources\products.temp' has been recovered (tr. 17-17)

[2026-04-30 17:37:39 #2 store] 
Database 'C:\Users\rafae\eclipse-workspace\Iteracion3\src\main\resources\products.temp' is opened by 7320@Rafituki

[2026-04-30 17:37:39 #3 type] 
Type domain.User is not enhanced.

[2026-04-30 17:37:39 #4 type] 
Type domain.Seller is not enhanced.

[2026-04-30 17:37:39 #5 type] 
Type domain.Sale is not enhanced.

[2026-04-30 17:37:39 #6 type] 
Type domain.Offer is not enhanced.

[2026-04-30 17:37:39 #7 type] 
Type domain.Review is not enhanced.

------------------------------------------------------------------------------------------------------------------------

[2026-04-30 17:38:12 #1 store] 
Database 'C:\Users\rafae\eclipse-workspace\Iteracion3\src\main\resources\products.temp' has been recovered (tr. 18-19)

[2026-04-30 17:38:12 #2 store] 
Database 'C:\Users\rafae\eclipse-workspace\Iteracion3\src\main\resources\products.temp' is opened by 12772@Rafituki

[2026-04-30 17:38:12 #3 type] 
Type domain.User is not enhanced.

[2026-04-30 17:38:12 #4 type] 
Type domain.Seller is not enhanced.

[2026-04-30 17:38:12 #5 type] 
Type domain.Sale is not enhanced.

[2026-04-30 17:38:12 #6 type] 
Type domain.Offer is not enhanced.

[2026-04-30 17:38:12 #7 type] 
Type domain.Review is not enhanced.

------------------------------------------------------------------------------------------------------------------------

[2026-04-30 17:38:32 #1 store] 
Database 'C:\Users\rafae\eclipse-workspace\Iteracion3\src\main\resources\products.temp' is opened by 14876@Rafituki

[2026-04-30 17:38:32 #2 type] 
Type domain.User is not enhanced.

[2026-04-30 17:38:32 #3 type] 
Type domain.Seller is not enhanced.

[2026-04-30 17:38:32 #4 type] 
Type domain.Sale is not enhanced.

[2026-04-30 17:38:32 #5 type] 
Type domain.Offer is not enhanced.

[2026-04-30 17:38:32 #6 type] 
Type domain.Review is not enhanced.

------------------------------------------------------------------------------------------------------------------------

[2026-04-30 17:38:44 #1 store] 
Database 'C:\Users\rafae\eclipse-workspace\Iteracion3\src\main\resources\products.temp' is opened by 17592@Rafituki

[2026-04-30 17:38:44 #2 type] 
Type domain.User is not enhanced.

[2026-04-30 17:38:44 #3 type] 
Type domain.Seller is not enhanced.

[2026-04-30 17:38:44 #4 type] 
Type domain.Sale is not enhanced.

[2026-04-30 17:38:44 #5 type] 
Type domain.Offer is not enhanced.

[2026-04-30 17:38:44 #6 type] 
Type domain.Review is not enhanced.

------------------------------------------------------------------------------------------------------------------------

[2026-04-30 17:40:53 #1 store] 
Database 'C:\Users\rafae\eclipse-workspace\Iteracion3\src\main\resources\products.temp' is opened by 14896@Rafituki

[2026-04-30 17:40:53 #2 type] 
Type domain.User is not enhanced.

[2026-04-30 17:40:53 #3 type] 
Type domain.Seller is not enhanced.

[2026-04-30 17:40:53 #4 type] 
Type domain.Sale is not enhanced.

[2026-04-30 17:40:53 #5 type] 
Type domain.Offer is not enhanced.

[2026-04-30 17:40:53 #6 type] 
Type domain.Review is not enhanced.

------------------------------------------------------------------------------------------------------------------------

[2026-04-30 17:41:13 #1 store] 
Database 'C:\Users\rafae\eclipse-workspace\Iteracion3\src\main\resources\products.temp' has been recovered (tr. 20-20)

[2026-04-30 17:41:13 #2 store] 
Database 'C:\Users\rafae\eclipse-workspace\Iteracion3\src\main\resources\products.temp' is opened by 1080@Rafituki

[2026-04-30 17:41:13 #3 type] 
Type domain.User is not enhanced.

[2026-04-30 17:41:13 #4 type] 
Type domain.Seller is not enhanced.

[2026-04-30 17:41:13 #5 type] 
Type domain.Sale is not enhanced.

[2026-04-30 17:41:13 #6 type] 
Type domain.Offer is not enhanced.

[2026-04-30 17:41:13 #7 type] 
Type domain.Review is not enhanced.

------------------------------------------------------------------------------------------------------------------------

[2026-04-30 17:41:42 #1 store] 
Database 'C:\Users\rafae\eclipse-workspace\Iteracion3\src\main\resources\products.temp' is opened by 16208@Rafituki

------------------------------------------------------------------------------------------------------------------------

[2026-04-30 17:41:46 #1 store] 
Database 'C:\Users\rafae\eclipse-workspace\Iteracion3\src\main\resources\products.temp' has been recovered (tr. 1-2)

[2026-04-30 17:41:46 #2 store] 
Database 'C:\Users\rafae\eclipse-workspace\Iteracion3\src\main\resources\products.temp' is opened by 17208@Rafituki

[2026-04-30 17:41:49 #3 type.registry] 
New type domain.User

[2026-04-30 17:41:49 #4 type] 
Type domain.User is not enhanced.

[2026-04-30 17:41:49 #5 type.registry] 
New type domain.Seller

[2026-04-30 17:41:49 #6 type] 
Type domain.Seller is not enhanced.

[2026-04-30 17:41:49 #7 type.registry] 
New type domain.Review

[2026-04-30 17:41:49 #8 type.registry] 
New type domain.Sale

[2026-04-30 17:41:49 #9 type] 
Type domain.Review is not enhanced.

[2026-04-30 17:41:49 #10 type] 
Type domain.Sale is not enhanced.

[2026-04-30 17:41:49 #11 type.registry] 
New type domain.Offer

[2026-04-30 17:41:49 #12 type] 
Type domain.Offer is not enhanced.

[2026-04-30 17:41:49 #13 type.registry] 
New type java.util.ArrayList<java.lang.Object>

[2026-04-30 17:41:49 #14 type.registry] 
New type java.util.ArrayList<domain.Sale>

[2026-04-30 17:41:49 #15 type.registry] 
New type java.util.ArrayList<domain.Review>

[2026-04-30 17:42:00 #16 type.registry] 
New type java.util.ArrayList<domain.Offer>

------------------------------------------------------------------------------------------------------------------------

[2026-04-30 17:42:04 #1 store] 
Database 'C:\Users\rafae\eclipse-workspace\Iteracion3\src\main\resources\products.temp' has been recovered (tr. 3-11)

[2026-04-30 17:42:04 #2 store] 
Database 'C:\Users\rafae\eclipse-workspace\Iteracion3\src\main\resources\products.temp' is opened by 6580@Rafituki

[2026-04-30 17:42:04 #3 type] 
Type domain.User is not enhanced.

[2026-04-30 17:42:04 #4 type] 
Type domain.Seller is not enhanced.

[2026-04-30 17:42:04 #5 type] 
Type domain.Review is not enhanced.

[2026-04-30 17:42:04 #6 type] 
Type domain.Sale is not enhanced.

[2026-04-30 17:42:04 #7 type] 
Type domain.Offer is not enhanced.

------------------------------------------------------------------------------------------------------------------------

[2026-04-30 17:42:27 #1 store] 
Database 'C:\Users\rafae\eclipse-workspace\Iteracion3\src\main\resources\products.temp' has been recovered (tr. 12-14)

[2026-04-30 17:42:27 #2 store] 
Database 'C:\Users\rafae\eclipse-workspace\Iteracion3\src\main\resources\products.temp' is opened by 10824@Rafituki

[2026-04-30 17:42:27 #3 type] 
Type domain.User is not enhanced.

[2026-04-30 17:42:27 #4 type] 
Type domain.Seller is not enhanced.

[2026-04-30 17:42:27 #5 type] 
Type domain.Review is not enhanced.

[2026-04-30 17:42:27 #6 type] 
Type domain.Sale is not enhanced.

[2026-04-30 17:42:27 #7 type] 
Type domain.Offer is not enhanced.

------------------------------------------------------------------------------------------------------------------------

[2026-04-30 17:42:51 #1 store] 
Database 'C:\Users\rafae\eclipse-workspace\Iteracion3\src\main\resources\products.temp' has been recovered (tr. 15-15)

[2026-04-30 17:42:51 #2 store] 
Database 'C:\Users\rafae\eclipse-workspace\Iteracion3\src\main\resources\products.temp' is opened by 14004@Rafituki

[2026-04-30 17:42:51 #3 type] 
Type domain.User is not enhanced.

[2026-04-30 17:42:51 #4 type] 
Type domain.Seller is not enhanced.

[2026-04-30 17:42:51 #5 type] 
Type domain.Review is not enhanced.

[2026-04-30 17:42:51 #6 type] 
Type domain.Sale is not enhanced.

[2026-04-30 17:42:51 #7 type] 
Type domain.Offer is not enhanced.

------------------------------------------------------------------------------------------------------------------------

[2026-04-30 17:43:38 #1 store] 
Database 'C:\Users\rafae\eclipse-workspace\Iteracion3\src\main\resources\products.temp' has been recovered (tr. 16-16)

[2026-04-30 17:43:38 #2 store] 
Database 'C:\Users\rafae\eclipse-workspace\Iteracion3\src\main\resources\products.temp' is opened by 14904@Rafituki

[2026-04-30 17:43:38 #3 type] 
Type domain.User is not enhanced.

[2026-04-30 17:43:38 #4 type] 
Type domain.Seller is not enhanced.

[2026-04-30 17:43:38 #5 type] 
Type domain.Review is not enhanced.

[2026-04-30 17:43:38 #6 type] 
Type domain.Sale is not enhanced.

[2026-04-30 17:43:38 #7 type] 
Type domain.Offer is not enhanced.

------------------------------------------------------------------------------------------------------------------------

[2026-04-30 17:43:55 #1 store] 
Database 'C:\Users\rafae\eclipse-workspace\Iteracion3\src\main\resources\products.temp' has been recovered (tr. 17-17)

[2026-04-30 17:43:55 #2 store] 
Database 'C:\Users\rafae\eclipse-workspace\Iteracion3\src\main\resources\products.temp' is opened by 13804@Rafituki

[2026-04-30 17:43:56 #3 type] 
Type domain.User is not enhanced.

[2026-04-30 17:43:56 #4 type] 
Type domain.Seller is not enhanced.

[2026-04-30 17:43:56 #5 type] 
Type domain.Review is not enhanced.

[2026-04-30 17:43:56 #6 type] 
Type domain.Sale is not enhanced.

[2026-04-30 17:43:56 #7 type] 
Type domain.Offer is not enhanced.

------------------------------------------------------------------------------------------------------------------------

[2026-04-30 17:44:10 #1 store] 
Database 'C:\Users\rafae\eclipse-workspace\Iteracion3\src\main\resources\products.temp' has been recovered (tr. 18-18)

[2026-04-30 17:44:10 #2 store] 
Database 'C:\Users\rafae\eclipse-workspace\Iteracion3\src\main\resources\products.temp' is opened by 8036@Rafituki

[2026-04-30 17:44:10 #3 type] 
Type domain.User is not enhanced.

[2026-04-30 17:44:10 #4 type] 
Type domain.Seller is not enhanced.

[2026-04-30 17:44:10 #5 type] 
Type domain.Review is not enhanced.

[2026-04-30 17:44:10 #6 type] 
Type domain.Sale is not enhanced.

[2026-04-30 17:44:10 #7 type] 
Type domain.Offer is not enhanced.

------------------------------------------------------------------------------------------------------------------------

[2026-04-30 17:46:11 #1 store] 
Database 'C:\Users\rafae\eclipse-workspace\Iteracion3\src\main\resources\products.temp' is opened by 6664@Rafituki

[2026-04-30 17:46:11 #2 type] 
Type domain.User is not enhanced.

[2026-04-30 17:46:11 #3 type] 
Type domain.Seller is not enhanced.

[2026-04-30 17:46:11 #4 type] 
Type domain.Review is not enhanced.

[2026-04-30 17:46:11 #5 type] 
Type domain.Sale is not enhanced.

[2026-04-30 17:46:11 #6 type] 
Type domain.Offer is not enhanced.

------------------------------------------------------------------------------------------------------------------------

[2026-04-30 17:46:27 #1 store] 
Database 'C:\Users\rafae\eclipse-workspace\Iteracion3\src\main\resources\products.temp' is opened by 7408@Rafituki

[2026-04-30 17:46:27 #2 type] 
Type domain.User is not enhanced.

[2026-04-30 17:46:27 #3 type] 
Type domain.Seller is not enhanced.

[2026-04-30 17:46:27 #4 type] 
Type domain.Review is not enhanced.

[2026-04-30 17:46:27 #5 type] 
Type domain.Sale is not enhanced.

[2026-04-30 17:46:27 #6 type] 
Type domain.Offer is not enhanced.

------------------------------------------------------------------------------------------------------------------------

[2026-04-30 17:46:42 #1 store] 
Database 'C:\Users\rafae\eclipse-workspace\Iteracion3\src\main\resources\products.temp' has been recovered (tr. 19-19)

[2026-04-30 17:46:42 #2 store] 
Database 'C:\Users\rafae\eclipse-workspace\Iteracion3\src\main\resources\products.temp' is opened by 14200@Rafituki

[2026-04-30 17:46:42 #3 type] 
Type domain.User is not enhanced.

[2026-04-30 17:46:42 #4 type] 
Type domain.Seller is not enhanced.

[2026-04-30 17:46:42 #5 type] 
Type domain.Review is not enhanced.

[2026-04-30 17:46:42 #6 type] 
Type domain.Sale is not enhanced.

[2026-04-30 17:46:42 #7 type] 
Type domain.Offer is not enhanced.

------------------------------------------------------------------------------------------------------------------------

[2026-04-30 17:56:33 #1 store] 
Database 'C:\Users\rafae\eclipse-workspace\Iteracion3.1\src\main\resources\products.temp' has been recovered (tr. 20-20)

[2026-04-30 17:56:33 #2 store] 
Database 'C:\Users\rafae\eclipse-workspace\Iteracion3.1\src\main\resources\products.temp' is opened by 1272@Rafituki

[2026-04-30 17:56:33 #3 type] 
Type domain.User is not enhanced.

[2026-04-30 17:56:33 #4 type] 
Type domain.Seller is not enhanced.

[2026-04-30 17:56:33 #5 type] 
Type domain.Review is not enhanced.

[2026-04-30 17:56:33 #6 type] 
Type domain.Sale is not enhanced.

[2026-04-30 17:56:33 #7 type] 
Type domain.Offer is not enhanced.

------------------------------------------------------------------------------------------------------------------------

[2026-04-30 17:56:51 #1 store] 
Database 'C:\Users\rafae\eclipse-workspace\Iteracion3.1\src\main\resources\products.temp' is opened by 9488@Rafituki

[2026-04-30 17:56:51 #2 type.registry] 
New type domain.User

[2026-04-30 17:56:51 #3 type.registry] 
New type domain.Seller

[2026-04-30 17:56:51 #4 type] 
Type domain.User is not enhanced.

[2026-04-30 17:56:51 #5 type.registry] 
New type domain.Sale

[2026-04-30 17:56:51 #6 type] 
Type domain.Seller is not enhanced.

[2026-04-30 17:56:51 #7 type.registry] 
New type domain.Review

[2026-04-30 17:56:51 #8 type] 
Type domain.Sale is not enhanced.

[2026-04-30 17:56:51 #9 type.registry] 
New type domain.Offer

[2026-04-30 17:56:51 #10 type] 
Type domain.Review is not enhanced.

[2026-04-30 17:56:51 #11 type] 
Type domain.Offer is not enhanced.

[2026-04-30 17:56:51 #12 type.registry] 
New type java.util.ArrayList<java.lang.Object>

[2026-04-30 17:56:51 #13 type.registry] 
New type java.util.ArrayList<domain.Sale>

[2026-04-30 17:56:51 #14 type.registry] 
New type java.util.ArrayList<domain.Review>

------------------------------------------------------------------------------------------------------------------------

[2026-04-30 17:56:55 #1 store] 
Database 'C:\Users\rafae\eclipse-workspace\Iteracion3.1\src\main\resources\products.temp' has been recovered (tr. 1-7)

[2026-04-30 17:56:55 #2 store] 
Database 'C:\Users\rafae\eclipse-workspace\Iteracion3.1\src\main\resources\products.temp' is opened by 13060@Rafituki

[2026-04-30 17:56:56 #3 type] 
Type domain.User is not enhanced.

[2026-04-30 17:56:56 #4 type] 
Type domain.Seller is not enhanced.

[2026-04-30 17:56:56 #5 type] 
Type domain.Sale is not enhanced.

[2026-04-30 17:56:56 #6 type] 
Type domain.Review is not enhanced.

[2026-04-30 17:56:56 #7 type] 
Type domain.Offer is not enhanced.

[2026-04-30 17:57:13 #8 type.registry] 
New type java.util.ArrayList<domain.Offer>

------------------------------------------------------------------------------------------------------------------------

[2026-04-30 17:58:00 #1 store] 
Database 'C:\Users\rafae\eclipse-workspace\Iteracion3.1\src\main\resources\products.temp' has been recovered (tr. 8-14)

[2026-04-30 17:58:00 #2 store] 
Database 'C:\Users\rafae\eclipse-workspace\Iteracion3.1\src\main\resources\products.temp' is opened by 13536@Rafituki

[2026-04-30 17:58:00 #3 type] 
Type domain.User is not enhanced.

[2026-04-30 17:58:00 #4 type] 
Type domain.Seller is not enhanced.

[2026-04-30 17:58:00 #5 type] 
Type domain.Sale is not enhanced.

[2026-04-30 17:58:00 #6 type] 
Type domain.Review is not enhanced.

[2026-04-30 17:58:00 #7 type] 
Type domain.Offer is not enhanced.

------------------------------------------------------------------------------------------------------------------------

[2026-04-30 17:58:18 #1 store] 
Database 'C:\Users\rafae\eclipse-workspace\Iteracion3.1\src\main\resources\products.temp' has been recovered (tr. 15-15)

[2026-04-30 17:58:18 #2 store] 
Database 'C:\Users\rafae\eclipse-workspace\Iteracion3.1\src\main\resources\products.temp' is opened by 11988@Rafituki

[2026-04-30 17:58:18 #3 type] 
Type domain.User is not enhanced.

[2026-04-30 17:58:18 #4 type] 
Type domain.Seller is not enhanced.

[2026-04-30 17:58:18 #5 type] 
Type domain.Sale is not enhanced.

[2026-04-30 17:58:18 #6 type] 
Type domain.Review is not enhanced.

[2026-04-30 17:58:18 #7 type] 
Type domain.Offer is not enhanced.

------------------------------------------------------------------------------------------------------------------------

[2026-04-30 17:58:42 #1 store] 
Database 'C:\Users\rafae\eclipse-workspace\Iteracion3.1\src\main\resources\products.temp' has been recovered (tr. 16-16)

[2026-04-30 17:58:42 #2 store] 
Database 'C:\Users\rafae\eclipse-workspace\Iteracion3.1\src\main\resources\products.temp' is opened by 3044@Rafituki

[2026-04-30 17:58:42 #3 type] 
Type domain.User is not enhanced.

[2026-04-30 17:58:42 #4 type] 
Type domain.Seller is not enhanced.

[2026-04-30 17:58:42 #5 type] 
Type domain.Sale is not enhanced.

[2026-04-30 17:58:42 #6 type] 
Type domain.Review is not enhanced.

[2026-04-30 17:58:42 #7 type] 
Type domain.Offer is not enhanced.

------------------------------------------------------------------------------------------------------------------------

[2026-04-30 17:59:41 #1 store] 
Database 'C:\Users\rafae\eclipse-workspace\Iteracion3.1\src\main\resources\products.temp' is opened by 15764@Rafituki

[2026-04-30 17:59:41 #2 type] 
Type domain.User is not enhanced.

[2026-04-30 17:59:41 #3 type] 
Type domain.Seller is not enhanced.

[2026-04-30 17:59:41 #4 type] 
Type domain.Sale is not enhanced.

[2026-04-30 17:59:41 #5 type] 
Type domain.Review is not enhanced.

[2026-04-30 17:59:42 #6 type] 
Type domain.Offer is not enhanced.

------------------------------------------------------------------------------------------------------------------------

[2026-04-30 18:01:18 #1 store] 
Database 'C:\Users\rafae\eclipse-workspace\Iteracion3.1\src\main\resources\products.temp' has been recovered (tr. 17-17)

[2026-04-30 18:01:18 #2 store] 
Database 'C:\Users\rafae\eclipse-workspace\Iteracion3.1\src\main\resources\products.temp' is opened by 10756@Rafituki

[2026-04-30 18:01:18 #3 type] 
Type domain.User is not enhanced.

[2026-04-30 18:01:18 #4 type] 
Type domain.Seller is not enhanced.

[2026-04-30 18:01:18 #5 type] 
Type domain.Sale is not enhanced.

[2026-04-30 18:01:18 #6 type] 
Type domain.Review is not enhanced.

[2026-04-30 18:01:18 #7 type] 
Type domain.Offer is not enhanced.

------------------------------------------------------------------------------------------------------------------------

[2026-04-30 18:02:25 #1 store] 
Database 'C:\Users\rafae\eclipse-workspace\Iteracion3.1\src\main\resources\products.temp' is opened by 14156@Rafituki

[2026-04-30 18:02:25 #2 type.registry] 
New type domain.User

[2026-04-30 18:02:25 #3 type.registry] 
New type domain.Seller

[2026-04-30 18:02:25 #4 type] 
Type domain.User is not enhanced.

[2026-04-30 18:02:25 #5 type.registry] 
New type domain.Sale

[2026-04-30 18:02:25 #6 type] 
Type domain.Seller is not enhanced.

[2026-04-30 18:02:25 #7 type.registry] 
New type domain.Review

[2026-04-30 18:02:25 #8 type] 
Type domain.Sale is not enhanced.

[2026-04-30 18:02:25 #9 type.registry] 
New type domain.Offer

[2026-04-30 18:02:25 #10 type] 
Type domain.Review is not enhanced.

[2026-04-30 18:02:25 #11 type] 
Type domain.Offer is not enhanced.

[2026-04-30 18:02:25 #12 type.registry] 
New type java.util.ArrayList<java.lang.Object>

[2026-04-30 18:02:25 #13 type.registry] 
New type java.util.ArrayList<domain.Sale>

[2026-04-30 18:02:25 #14 type.registry] 
New type java.util.ArrayList<domain.Review>

------------------------------------------------------------------------------------------------------------------------

[2026-04-30 18:02:32 #1 store] 
Database 'C:\Users\rafae\eclipse-workspace\Iteracion3.1\src\main\resources\products.temp' has been recovered (tr. 1-7)

[2026-04-30 18:02:32 #2 store] 
Database 'C:\Users\rafae\eclipse-workspace\Iteracion3.1\src\main\resources\products.temp' is opened by 9140@Rafituki

[2026-04-30 18:02:32 #3 type] 
Type domain.User is not enhanced.

[2026-04-30 18:02:32 #4 type] 
Type domain.Seller is not enhanced.

[2026-04-30 18:02:32 #5 type] 
Type domain.Sale is not enhanced.

[2026-04-30 18:02:32 #6 type] 
Type domain.Review is not enhanced.

[2026-04-30 18:02:32 #7 type] 
Type domain.Offer is not enhanced.

[2026-04-30 18:02:49 #8 type.registry] 
New type java.util.ArrayList<domain.Offer>

------------------------------------------------------------------------------------------------------------------------

[2026-04-30 18:03:02 #1 store] 
Database 'C:\Users\rafae\eclipse-workspace\Iteracion3.1\src\main\resources\products.temp' has been recovered (tr. 8-13)

[2026-04-30 18:03:02 #2 store] 
Database 'C:\Users\rafae\eclipse-workspace\Iteracion3.1\src\main\resources\products.temp' is opened by 1524@Rafituki

[2026-04-30 18:03:03 #3 type] 
Type domain.User is not enhanced.

[2026-04-30 18:03:03 #4 type] 
Type domain.Seller is not enhanced.

[2026-04-30 18:03:03 #5 type] 
Type domain.Sale is not enhanced.

[2026-04-30 18:03:03 #6 type] 
Type domain.Review is not enhanced.

[2026-04-30 18:03:03 #7 type] 
Type domain.Offer is not enhanced.

------------------------------------------------------------------------------------------------------------------------

[2026-04-30 18:05:54 #1 store] 
Database 'C:\Users\rafae\eclipse-workspace\Iteracion3.1\src\main\resources\products.temp' has been recovered (tr. 14-23)

[2026-04-30 18:05:54 #2 store] 
Database 'C:\Users\rafae\eclipse-workspace\Iteracion3.1\src\main\resources\products.temp' is opened by 14376@Rafituki

[2026-04-30 18:05:55 #3 type] 
Type domain.User is not enhanced.

[2026-04-30 18:05:55 #4 type] 
Type domain.Seller is not enhanced.

[2026-04-30 18:05:55 #5 type] 
Type domain.Sale is not enhanced.

[2026-04-30 18:05:55 #6 type] 
Type domain.Review is not enhanced.

[2026-04-30 18:05:55 #7 type] 
Type domain.Offer is not enhanced.

------------------------------------------------------------------------------------------------------------------------

[2026-04-30 18:07:35 #1 store] 
Database 'C:\Users\rafae\eclipse-workspace\Iteracion3.1\src\main\resources\products.temp' is opened by 2140@Rafituki

[2026-04-30 18:07:35 #2 type.registry] 
New type domain.User

[2026-04-30 18:07:35 #3 type.registry] 
New type domain.Seller

[2026-04-30 18:07:35 #4 type] 
Type domain.User is not enhanced.

[2026-04-30 18:07:35 #5 type.registry] 
New type domain.Sale

[2026-04-30 18:07:35 #6 type] 
Type domain.Seller is not enhanced.

[2026-04-30 18:07:35 #7 type.registry] 
New type domain.Review

[2026-04-30 18:07:35 #8 type] 
Type domain.Sale is not enhanced.

[2026-04-30 18:07:35 #9 type.registry] 
New type domain.Offer

[2026-04-30 18:07:35 #10 type] 
Type domain.Review is not enhanced.

[2026-04-30 18:07:35 #11 type] 
Type domain.Offer is not enhanced.

[2026-04-30 18:07:35 #12 type.registry] 
New type java.util.ArrayList<java.lang.Object>

[2026-04-30 18:07:35 #13 type.registry] 
New type java.util.ArrayList<domain.Sale>

[2026-04-30 18:07:35 #14 type.registry] 
New type java.util.ArrayList<domain.Review>

[2026-04-30 18:07:47 #15 type.registry] 
New type java.util.ArrayList<domain.Offer>

------------------------------------------------------------------------------------------------------------------------

[2026-04-30 18:10:54 #1 store] 
Database 'C:\Users\rafae\eclipse-workspace\Iteracion3.1\src\main\resources\products.temp' is opened by 7716@Rafituki

[2026-04-30 18:10:54 #2 type.registry] 
New type domain.User

[2026-04-30 18:10:54 #3 type.registry] 
New type domain.Seller

[2026-04-30 18:10:54 #4 type] 
Type domain.User is not enhanced.

[2026-04-30 18:10:54 #5 type.registry] 
New type domain.Sale

[2026-04-30 18:10:54 #6 type] 
Type domain.Seller is not enhanced.

[2026-04-30 18:10:54 #7 type.registry] 
New type domain.Review

[2026-04-30 18:10:54 #8 type] 
Type domain.Sale is not enhanced.

[2026-04-30 18:10:54 #9 type.registry] 
New type domain.Offer

[2026-04-30 18:10:54 #10 type] 
Type domain.Review is not enhanced.

[2026-04-30 18:10:54 #11 type] 
Type domain.Offer is not enhanced.

[2026-04-30 18:10:54 #12 type.registry] 
New type java.util.ArrayList<java.lang.Object>

[2026-04-30 18:10:54 #13 type.registry] 
New type java.util.ArrayList<domain.Sale>

[2026-04-30 18:10:54 #14 type.registry] 
New type java.util.ArrayList<domain.Review>

[2026-04-30 18:11:07 #15 type.registry] 
New type java.util.ArrayList<domain.Offer>

------------------------------------------------------------------------------------------------------------------------

[2026-04-30 18:11:24 #1 store] 
Database 'C:\Users\rafae\eclipse-workspace\Iteracion3.1\src\main\resources\products.temp' is opened by 2076@Rafituki

[2026-04-30 18:11:24 #2 type.registry] 
New type domain.User

[2026-04-30 18:11:24 #3 type.registry] 
New type domain.Seller

[2026-04-30 18:11:24 #4 type] 
Type domain.User is not enhanced.

[2026-04-30 18:11:24 #5 type.registry] 
New type domain.Sale

[2026-04-30 18:11:24 #6 type] 
Type domain.Seller is not enhanced.

[2026-04-30 18:11:24 #7 type.registry] 
New type domain.Review

[2026-04-30 18:11:24 #8 type] 
Type domain.Sale is not enhanced.

[2026-04-30 18:11:24 #9 type.registry] 
New type domain.Offer

[2026-04-30 18:11:24 #10 type] 
Type domain.Review is not enhanced.

[2026-04-30 18:11:24 #11 type] 
Type domain.Offer is not enhanced.

[2026-04-30 18:11:24 #12 type.registry] 
New type java.util.ArrayList<java.lang.Object>

[2026-04-30 18:11:24 #13 type.registry] 
New type java.util.ArrayList<domain.Sale>

[2026-04-30 18:11:24 #14 type.registry] 
New type java.util.ArrayList<domain.Review>

[2026-04-30 18:11:36 #15 type.registry] 
New type java.util.ArrayList<domain.Offer>

------------------------------------------------------------------------------------------------------------------------

[2026-04-30 18:15:18 #1 store] 
Database 'C:\Users\rafae\eclipse-workspace\Iteracion3.1\src\main\resources\products.temp' is opened by 9496@Rafituki

[2026-04-30 18:15:18 #2 type.registry] 
New type domain.User

[2026-04-30 18:15:18 #3 type.registry] 
New type domain.Seller

[2026-04-30 18:15:18 #4 type] 
Type domain.User is not enhanced.

[2026-04-30 18:15:18 #5 type.registry] 
New type domain.Sale

[2026-04-30 18:15:18 #6 type] 
Type domain.Seller is not enhanced.

[2026-04-30 18:15:18 #7 type.registry] 
New type domain.Review

[2026-04-30 18:15:18 #8 type] 
Type domain.Sale is not enhanced.

[2026-04-30 18:15:18 #9 type.registry] 
New type domain.Offer

[2026-04-30 18:15:18 #10 type] 
Type domain.Review is not enhanced.

[2026-04-30 18:15:18 #11 type] 
Type domain.Offer is not enhanced.

[2026-04-30 18:15:18 #12 type.registry] 
New type java.util.ArrayList<java.lang.Object>

[2026-04-30 18:15:18 #13 type.registry] 
New type java.util.ArrayList<domain.Sale>

[2026-04-30 18:15:18 #14 type.registry] 
New type java.util.ArrayList<domain.Review>

[2026-04-30 18:15:34 #15 type.registry] 
New type java.util.ArrayList<domain.Offer>

------------------------------------------------------------------------------------------------------------------------

[2026-04-30 18:16:34 #1 store] 
Database 'C:\Users\rafae\eclipse-workspace\Iteracion3.1\src\main\resources\products.temp' has been recovered (tr. 1-15)

[2026-04-30 18:16:34 #2 store] 
Database 'C:\Users\rafae\eclipse-workspace\Iteracion3.1\src\main\resources\products.temp' is opened by 6496@Rafituki

[2026-04-30 18:16:34 #3 type] 
Type domain.User is not enhanced.

[2026-04-30 18:16:34 #4 type] 
Type domain.Seller is not enhanced.

[2026-04-30 18:16:35 #5 type] 
Type domain.Sale is not enhanced.

[2026-04-30 18:16:35 #6 type] 
Type domain.Review is not enhanced.

[2026-04-30 18:16:35 #7 type] 
Type domain.Offer is not enhanced.

------------------------------------------------------------------------------------------------------------------------

[2026-04-30 18:17:13 #1 store] 
Database 'C:\Users\rafae\eclipse-workspace\Iteracion3.1\src\main\resources\products.temp' has been recovered (tr. 16-20)

[2026-04-30 18:17:14 #2 store] 
Database 'C:\Users\rafae\eclipse-workspace\Iteracion3.1\src\main\resources\products.temp' is opened by 11544@Rafituki

[2026-04-30 18:17:14 #3 type] 
Type domain.User is not enhanced.

[2026-04-30 18:17:14 #4 type] 
Type domain.Seller is not enhanced.

[2026-04-30 18:17:14 #5 type] 
Type domain.Sale is not enhanced.

[2026-04-30 18:17:14 #6 type] 
Type domain.Review is not enhanced.

[2026-04-30 18:17:14 #7 type] 
Type domain.Offer is not enhanced.

------------------------------------------------------------------------------------------------------------------------

[2026-04-30 18:18:11 #1 store] 
Database 'C:\Users\rafae\eclipse-workspace\Iteracion3.1\src\main\resources\products.temp' has been recovered (tr. 21-22)

[2026-04-30 18:18:11 #2 store] 
Database 'C:\Users\rafae\eclipse-workspace\Iteracion3.1\src\main\resources\products.temp' is opened by 3252@Rafituki

[2026-04-30 18:18:11 #3 type] 
Type domain.User is not enhanced.

[2026-04-30 18:18:11 #4 type] 
Type domain.Seller is not enhanced.

[2026-04-30 18:18:11 #5 type] 
Type domain.Sale is not enhanced.

[2026-04-30 18:18:11 #6 type] 
Type domain.Review is not enhanced.

[2026-04-30 18:18:11 #7 type] 
Type domain.Offer is not enhanced.

------------------------------------------------------------------------------------------------------------------------

[2026-04-30 18:21:34 #1 store] 
Database 'C:\Users\rafae\eclipse-workspace\Iteracion3.1\src\main\resources\products.temp' is opened by 3008@Rafituki

[2026-04-30 18:21:35 #2 type] 
Type domain.User is not enhanced.

[2026-04-30 18:21:35 #3 type] 
Type domain.Seller is not enhanced.

[2026-04-30 18:21:35 #4 type] 
Type domain.Sale is not enhanced.

[2026-04-30 18:21:35 #5 type] 
Type domain.Review is not enhanced.

[2026-04-30 18:21:35 #6 type] 
Type domain.Offer is not enhanced.

------------------------------------------------------------------------------------------------------------------------

[2026-04-30 18:21:52 #1 store] 
Database 'C:\Users\rafae\eclipse-workspace\Iteracion3.1\src\main\resources\products.temp' is opened by 14828@Rafituki

[2026-04-30 18:21:52 #2 type] 
Type domain.User is not enhanced.

[2026-04-30 18:21:52 #3 type] 
Type domain.Seller is not enhanced.

[2026-04-30 18:21:52 #4 type] 
Type domain.Sale is not enhanced.

[2026-04-30 18:21:52 #5 type] 
Type domain.Review is not enhanced.

[2026-04-30 18:21:52 #6 type] 
Type domain.Offer is not enhanced.

------------------------------------------------------------------------------------------------------------------------

[2026-04-30 18:23:55 #1 store] 
Database 'C:\Users\rafae\eclipse-workspace\Iteracion3.1\src\main\resources\products.temp' is opened by 17112@Rafituki

[2026-04-30 18:23:55 #2 type] 
Type domain.User is not enhanced.

[2026-04-30 18:23:55 #3 type] 
Type domain.Seller is not enhanced.

[2026-04-30 18:23:55 #4 type] 
Type domain.Sale is not enhanced.

[2026-04-30 18:23:55 #5 type] 
Type domain.Review is not enhanced.

[2026-04-30 18:23:55 #6 type] 
Type domain.Offer is not enhanced.

------------------------------------------------------------------------------------------------------------------------

[2026-04-30 19:02:13 #1 store] 
Database 'C:\Users\rafae\eclipse-workspace\Iteracion3.2\src\main\resources\products.temp' has been recovered (tr. 23-23)

[2026-04-30 19:02:13 #2 store] 
Database 'C:\Users\rafae\eclipse-workspace\Iteracion3.2\src\main\resources\products.temp' is opened by 20220@Rafituki

[2026-04-30 19:02:13 #3 type] 
Type domain.User is not enhanced.

[2026-04-30 19:02:13 #4 type] 
Type domain.Seller is not enhanced.

[2026-04-30 19:02:13 #5 type] 
Type domain.Sale is not enhanced.

[2026-04-30 19:02:13 #6 type] 
Type domain.Review is not enhanced.

[2026-04-30 19:02:13 #7 type] 
Type domain.Offer is not enhanced.

------------------------------------------------------------------------------------------------------------------------

[2026-04-30 19:02:51 #1 store] 
Database 'C:\Users\rafae\eclipse-workspace\Iteracion3.2\src\main\resources\products.temp' has been recovered (tr. 24-24)

[2026-04-30 19:02:51 #2 store] 
Database 'C:\Users\rafae\eclipse-workspace\Iteracion3.2\src\main\resources\products.temp' is opened by 21796@Rafituki

[2026-04-30 19:02:51 #3 type] 
Type domain.User is not enhanced.

[2026-04-30 19:02:51 #4 type] 
Type domain.Seller is not enhanced.

[2026-04-30 19:02:51 #5 type] 
Type domain.Sale is not enhanced.

[2026-04-30 19:02:51 #6 type] 
Type domain.Review is not enhanced.

[2026-04-30 19:02:51 #7 type] 
Type domain.Offer is not enhanced.

------------------------------------------------------------------------------------------------------------------------

[2026-04-30 19:03:22 #1 store] 
Database 'C:\Users\rafae\eclipse-workspace\Iteracion3.2\src\main\resources\products.temp' is opened by 22496@Rafituki

[2026-04-30 19:03:22 #2 type] 
Type domain.User is not enhanced.

[2026-04-30 19:03:22 #3 type] 
Type domain.Seller is not enhanced.

[2026-04-30 19:03:22 #4 type] 
Type domain.Sale is not enhanced.

[2026-04-30 19:03:22 #5 type] 
Type domain.Review is not enhanced.

[2026-04-30 19:03:22 #6 type] 
Type domain.Offer is not enhanced.

------------------------------------------------------------------------------------------------------------------------

[2026-04-30 19:06:36 #1 store] 
Database 'C:\Users\rafae\eclipse-workspace\Iteracion3.2\src\main\resources\products.temp' has been recovered (tr. 25-25)

[2026-04-30 19:06:37 #2 store] 
Database 'C:\Users\rafae\eclipse-workspace\Iteracion3.2\src\main\resources\products.temp' is opened by 19172@Rafituki

[2026-04-30 19:06:37 #3 type] 
Type domain.User is not enhanced.

[2026-04-30 19:06:37 #4 type] 
Type domain.Seller is not enhanced.

[2026-04-30 19:06:37 #5 type] 
Type domain.Sale is not enhanced.

[2026-04-30 19:06:37 #6 type] 
Type domain.Review is not enhanced.

[2026-04-30 19:06:37 #7 type] 
Type domain.Offer is not enhanced.

------------------------------------------------------------------------------------------------------------------------

[2026-04-30 19:07:57 #1 store] 
Database 'C:\Users\rafae\eclipse-workspace\Iteracion3.2\src\main\resources\products.temp' is opened by 3712@Rafituki

[2026-04-30 19:07:57 #2 type.registry] 
New type domain.User

[2026-04-30 19:07:57 #3 type.registry] 
New type domain.Seller

[2026-04-30 19:07:57 #4 type] 
Type domain.User is not enhanced.

[2026-04-30 19:07:57 #5 type.registry] 
New type domain.Sale

[2026-04-30 19:07:57 #6 type] 
Type domain.Seller is not enhanced.

[2026-04-30 19:07:57 #7 type.registry] 
New type domain.Review

[2026-04-30 19:07:57 #8 type] 
Type domain.Sale is not enhanced.

[2026-04-30 19:07:57 #9 type.registry] 
New type domain.Offer

[2026-04-30 19:07:57 #10 type] 
Type domain.Review is not enhanced.

[2026-04-30 19:07:57 #11 type] 
Type domain.Offer is not enhanced.

[2026-04-30 19:07:57 #12 type.registry] 
New type java.util.ArrayList<java.lang.Object>

[2026-04-30 19:07:57 #13 type.registry] 
New type java.util.ArrayList<domain.Sale>

[2026-04-30 19:07:57 #14 type.registry] 
New type java.util.ArrayList<domain.Review>

------------------------------------------------------------------------------------------------------------------------

[2026-04-30 19:08:21 #1 store] 
Database 'C:\Users\rafae\eclipse-workspace\Iteracion3.2\src\main\resources\products.temp' has been recovered (tr. 1-7)

[2026-04-30 19:08:21 #2 store] 
Database 'C:\Users\rafae\eclipse-workspace\Iteracion3.2\src\main\resources\products.temp' is opened by 18888@Rafituki

[2026-04-30 19:08:22 #3 type] 
Type domain.User is not enhanced.

[2026-04-30 19:08:22 #4 type] 
Type domain.Seller is not enhanced.

[2026-04-30 19:08:22 #5 type] 
Type domain.Sale is not enhanced.

[2026-04-30 19:08:22 #6 type] 
Type domain.Review is not enhanced.

[2026-04-30 19:08:22 #7 type] 
Type domain.Offer is not enhanced.

[2026-04-30 19:08:46 #8 type.registry] 
New type java.util.ArrayList<domain.Offer>

------------------------------------------------------------------------------------------------------------------------

[2026-04-30 19:09:14 #1 store] 
Database 'C:\Users\rafae\eclipse-workspace\Iteracion3.2\src\main\resources\products.temp' has been recovered (tr. 8-14)

[2026-04-30 19:09:14 #2 store] 
Database 'C:\Users\rafae\eclipse-workspace\Iteracion3.2\src\main\resources\products.temp' is opened by 1452@Rafituki

[2026-04-30 19:09:15 #3 type] 
Type domain.User is not enhanced.

[2026-04-30 19:09:15 #4 type] 
Type domain.Seller is not enhanced.

[2026-04-30 19:09:15 #5 type] 
Type domain.Sale is not enhanced.

[2026-04-30 19:09:15 #6 type] 
Type domain.Review is not enhanced.

[2026-04-30 19:09:15 #7 type] 
Type domain.Offer is not enhanced.

------------------------------------------------------------------------------------------------------------------------

[2026-04-30 19:15:54 #1 store] 
Database 'C:\Users\rafae\eclipse-workspace\Iteracion3.2\src\main\resources\products.temp' has been recovered (tr. 15-17)

[2026-04-30 19:15:54 #2 store] 
Database 'C:\Users\rafae\eclipse-workspace\Iteracion3.2\src\main\resources\products.temp' is opened by 22108@Rafituki

[2026-04-30 19:15:54 #3 type] 
Type domain.User is not enhanced.

[2026-04-30 19:15:54 #4 type] 
Type domain.Seller is not enhanced.

[2026-04-30 19:15:54 #5 type] 
Type domain.Sale is not enhanced.

[2026-04-30 19:15:54 #6 type] 
Type domain.Review is not enhanced.

[2026-04-30 19:15:54 #7 type] 
Type domain.Offer is not enhanced.

------------------------------------------------------------------------------------------------------------------------

[2026-04-30 19:16:33 #1 store] 
Database 'C:\Users\rafae\eclipse-workspace\Iteracion3.2\src\main\resources\products.temp' is opened by 17480@Rafituki

[2026-04-30 19:16:33 #2 type.registry] 
New type domain.User

[2026-04-30 19:16:33 #3 type.registry] 
New type domain.Seller

[2026-04-30 19:16:33 #4 type] 
Type domain.User is not enhanced.

[2026-04-30 19:16:33 #5 type.registry] 
New type domain.Sale

[2026-04-30 19:16:33 #6 type] 
Type domain.Seller is not enhanced.

[2026-04-30 19:16:33 #7 type.registry] 
New type domain.Review

[2026-04-30 19:16:33 #8 type] 
Type domain.Sale is not enhanced.

[2026-04-30 19:16:33 #9 type.registry] 
New type domain.Offer

[2026-04-30 19:16:33 #10 type] 
Type domain.Review is not enhanced.

[2026-04-30 19:16:33 #11 type] 
Type domain.Offer is not enhanced.

[2026-04-30 19:16:33 #12 type.registry] 
New type java.util.ArrayList<java.lang.Object>

[2026-04-30 19:16:33 #13 type.registry] 
New type java.util.ArrayList<domain.Sale>

[2026-04-30 19:16:33 #14 type.registry] 
New type java.util.ArrayList<domain.Review>

------------------------------------------------------------------------------------------------------------------------

[2026-04-30 19:16:40 #1 store] 
Database 'C:\Users\rafae\eclipse-workspace\Iteracion3.2\src\main\resources\products.temp' has been recovered (tr. 1-7)

[2026-04-30 19:16:40 #2 store] 
Database 'C:\Users\rafae\eclipse-workspace\Iteracion3.2\src\main\resources\products.temp' is opened by 6116@Rafituki

[2026-04-30 19:16:40 #3 type] 
Type domain.User is not enhanced.

[2026-04-30 19:16:40 #4 type] 
Type domain.Seller is not enhanced.

[2026-04-30 19:16:40 #5 type] 
Type domain.Sale is not enhanced.

[2026-04-30 19:16:40 #6 type] 
Type domain.Review is not enhanced.

[2026-04-30 19:16:40 #7 type] 
Type domain.Offer is not enhanced.

[2026-04-30 19:16:59 #8 type.registry] 
New type java.util.ArrayList<domain.Offer>

------------------------------------------------------------------------------------------------------------------------

[2026-04-30 19:17:10 #1 store] 
Database 'C:\Users\rafae\eclipse-workspace\Iteracion3.2\src\main\resources\products.temp' has been recovered (tr. 8-13)

[2026-04-30 19:17:10 #2 store] 
Database 'C:\Users\rafae\eclipse-workspace\Iteracion3.2\src\main\resources\products.temp' is opened by 17792@Rafituki

[2026-04-30 19:17:10 #3 type] 
Type domain.User is not enhanced.

[2026-04-30 19:17:11 #4 type] 
Type domain.Seller is not enhanced.

[2026-04-30 19:17:11 #5 type] 
Type domain.Sale is not enhanced.

[2026-04-30 19:17:11 #6 type] 
Type domain.Review is not enhanced.

[2026-04-30 19:17:11 #7 type] 
Type domain.Offer is not enhanced.

------------------------------------------------------------------------------------------------------------------------

[2026-04-30 19:19:29 #1 store] 
Database 'C:\Users\rafae\eclipse-workspace\Iteracion3.2\src\main\resources\products.temp' has been recovered (tr. 14-15)

[2026-04-30 19:19:29 #2 store] 
Database 'C:\Users\rafae\eclipse-workspace\Iteracion3.2\src\main\resources\products.temp' is opened by 21940@Rafituki

[2026-04-30 19:19:29 #3 type] 
Type domain.User is not enhanced.

[2026-04-30 19:19:29 #4 type] 
Type domain.Seller is not enhanced.

[2026-04-30 19:19:30 #5 type] 
Type domain.Sale is not enhanced.

[2026-04-30 19:19:30 #6 type] 
Type domain.Review is not enhanced.

[2026-04-30 19:19:30 #7 type] 
Type domain.Offer is not enhanced.

------------------------------------------------------------------------------------------------------------------------

[2026-04-30 19:19:54 #1 store] 
Database 'C:\Users\rafae\eclipse-workspace\Iteracion3.2\src\main\resources\products.temp' has been recovered (tr. 16-16)

[2026-04-30 19:19:54 #2 store] 
Database 'C:\Users\rafae\eclipse-workspace\Iteracion3.2\src\main\resources\products.temp' is opened by 4684@Rafituki

[2026-04-30 19:19:54 #3 type] 
Type domain.User is not enhanced.

[2026-04-30 19:19:54 #4 type] 
Type domain.Seller is not enhanced.

[2026-04-30 19:19:54 #5 type] 
Type domain.Sale is not enhanced.

[2026-04-30 19:19:54 #6 type] 
Type domain.Review is not enhanced.

[2026-04-30 19:19:54 #7 type] 
Type domain.Offer is not enhanced.

------------------------------------------------------------------------------------------------------------------------

[2026-04-30 19:20:23 #1 store] 
Database 'C:\Users\rafae\eclipse-workspace\Iteracion3.2\src\main\resources\products.temp' has been recovered (tr. 17-18)

[2026-04-30 19:20:23 #2 store] 
Database 'C:\Users\rafae\eclipse-workspace\Iteracion3.2\src\main\resources\products.temp' is opened by 17748@Rafituki

[2026-04-30 19:20:23 #3 type] 
Type domain.User is not enhanced.

[2026-04-30 19:20:23 #4 type] 
Type domain.Seller is not enhanced.

[2026-04-30 19:20:23 #5 type] 
Type domain.Sale is not enhanced.

[2026-04-30 19:20:23 #6 type] 
Type domain.Review is not enhanced.

[2026-04-30 19:20:23 #7 type] 
Type domain.Offer is not enhanced.

------------------------------------------------------------------------------------------------------------------------

[2026-04-30 19:21:03 #1 store] 
Database 'C:\Users\rafae\eclipse-workspace\Iteracion3.2\src\main\resources\products.temp' has been recovered (tr. 19-20)

[2026-04-30 19:21:03 #2 store] 
Database 'C:\Users\rafae\eclipse-workspace\Iteracion3.2\src\main\resources\products.temp' is opened by 7460@Rafituki

[2026-04-30 19:21:03 #3 type] 
Type domain.User is not enhanced.

[2026-04-30 19:21:03 #4 type] 
Type domain.Seller is not enhanced.

[2026-04-30 19:21:03 #5 type] 
Type domain.Sale is not enhanced.

[2026-04-30 19:21:03 #6 type] 
Type domain.Review is not enhanced.

[2026-04-30 19:21:03 #7 type] 
Type domain.Offer is not enhanced.

------------------------------------------------------------------------------------------------------------------------

[2026-04-30 19:21:28 #1 store] 
Database 'C:\Users\rafae\eclipse-workspace\Iteracion3.2\src\main\resources\products.temp' has been recovered (tr. 21-21)

[2026-04-30 19:21:28 #2 store] 
Database 'C:\Users\rafae\eclipse-workspace\Iteracion3.2\src\main\resources\products.temp' is opened by 11408@Rafituki

[2026-04-30 19:21:28 #3 type] 
Type domain.User is not enhanced.

[2026-04-30 19:21:28 #4 type] 
Type domain.Seller is not enhanced.

[2026-04-30 19:21:28 #5 type] 
Type domain.Sale is not enhanced.

[2026-04-30 19:21:28 #6 type] 
Type domain.Review is not enhanced.

[2026-04-30 19:21:28 #7 type] 
Type domain.Offer is not enhanced.

------------------------------------------------------------------------------------------------------------------------

[2026-04-30 19:21:35 #1 store] 
Database 'C:\Users\rafae\eclipse-workspace\Iteracion3.2\src\main\resources\products.temp' is opened by 1336@Rafituki

[2026-04-30 19:21:35 #2 type] 
Type domain.User is not enhanced.

[2026-04-30 19:21:35 #3 type] 
Type domain.Seller is not enhanced.

[2026-04-30 19:21:35 #4 type] 
Type domain.Sale is not enhanced.

[2026-04-30 19:21:35 #5 type] 
Type domain.Review is not enhanced.

[2026-04-30 19:21:35 #6 type] 
Type domain.Offer is not enhanced.

------------------------------------------------------------------------------------------------------------------------

[2026-04-30 19:26:26 #1 store] 
Database 'C:\Users\rafae\eclipse-workspace\Iteracion3.2\src\main\resources\products.temp' is opened by 19588@Rafituki

[2026-04-30 19:26:26 #2 type] 
Type domain.User is not enhanced.

[2026-04-30 19:26:26 #3 type] 
Type domain.Seller is not enhanced.

[2026-04-30 19:26:26 #4 type] 
Type domain.Sale is not enhanced.

[2026-04-30 19:26:26 #5 type] 
Type domain.Review is not enhanced.

[2026-04-30 19:26:26 #6 type] 
Type domain.Offer is not enhanced.

